============================================================
Job Started
Job ID    : 29491
Node      : node2
Date      : Fri Aug 14 11:47:22 PM IST 2026
Time     : 23:47:22
============================================================

============================================================
Python Environment
============================================================
Python : /home/mazaveri/.conda/envs/fedrsclip/bin/python
Python 3.10.20
Python executable: /home/mazaveri/.conda/envs/fedrsclip/bin/python
Torch: /home/mazaveri/.conda/envs/fedrsclip/lib/python3.10/site-packages/torch/__init__.py
Torch version: 2.13.0+cu130
CUDA: True
CUDA version: 13.0
GPU: NVIDIA H100 NVL
open_clip version: 3.3.0

Current Directory:
/home/mazaveri/hpc-prog/Vipul
======================================
Preparing flower-102.zip
======================================
==========================
Dataset: flowers_102
Type: TorchVisionLocal
Classes: 102
Train Images: 5732
Validation Images: 2457
==========================
[PREPARED] flowers_102: train=data/flower_102/train.jsonl image_root=data/flower_102/raw/jpg
= ===========================================================
Dataset Preparation Completed Successfully!
============================================================
===========================================================
Job Finished
Job ID    : 29491
Node      : node2
Date      : Fri Aug 14 11:47:30 PM IST 2026
===========================================================
