============================================================
Job Started
Job ID    : 30345
Node      : node2
Date      : Wed Sep  2 10:36:56 AM IST 2026
Time     : 10:36:56
============================================================
============================================================
Run Co-prompt vs Pretrained CLIP comparison
============================================================
Wrote checkpoints/CoPrompt_comparison_results/coprompt_base_novel_results.csv
Wrote checkpoints/CoPrompt_comparison_results/zero_shot_vs_coprompt.csv
Wrote checkpoints/CoPrompt_comparison_results/zero_shot_vs_coprompt.png
--------------------------------------------------
Run Co-prompt vs Pretrained CLIP comparison finished
--------------------------------------------------
============================================================
Job Finished
Job ID    : 30345
Node      : node2
Date      : Wed Sep  2 10:36:57 AM IST 2026
Time      : 10:36:57
============================================================
