
  0%|          | 0/128 [00:00<?, ?it/s]
  1%|          | 1/128 [00:01<03:16,  1.55s/it]
  2%|▏         | 3/128 [00:01<00:56,  2.21it/s]
  3%|▎         | 4/128 [00:01<00:42,  2.95it/s]
  4%|▍         | 5/128 [00:01<00:32,  3.81it/s]
  6%|▋         | 8/128 [00:02<00:15,  7.60it/s]
  9%|▊         | 11/128 [00:02<00:10, 11.20it/s]
 11%|█         | 14/128 [00:02<00:08, 14.23it/s]
 13%|█▎        | 17/128 [00:02<00:06, 17.10it/s]
 16%|█▌        | 20/128 [00:02<00:05, 19.09it/s]
 18%|█▊        | 23/128 [00:02<00:07, 13.54it/s]
 20%|█▉        | 25/128 [00:03<00:08, 12.71it/s]
 22%|██▏       | 28/128 [00:03<00:06, 14.90it/s]
 23%|██▎       | 30/128 [00:03<00:09, 10.68it/s]
 26%|██▌       | 33/128 [00:03<00:08, 11.57it/s]
 28%|██▊       | 36/128 [00:03<00:06, 13.49it/s]
 30%|██▉       | 38/128 [00:04<00:08, 10.30it/s]
 31%|███▏      | 40/128 [00:04<00:07, 11.32it/s]
 33%|███▎      | 42/128 [00:04<00:07, 11.81it/s]
 34%|███▍      | 44/128 [00:04<00:06, 12.79it/s]
 36%|███▌      | 46/128 [00:04<00:08,  9.59it/s]
 38%|███▊      | 49/128 [00:05<00:07,  9.92it/s]
 41%|████      | 52/128 [00:05<00:06, 12.66it/s]
 42%|████▏     | 54/128 [00:05<00:07,  9.26it/s]
 45%|████▍     | 57/128 [00:05<00:06, 10.72it/s]
 47%|████▋     | 60/128 [00:06<00:05, 13.28it/s]
 48%|████▊     | 62/128 [00:06<00:07,  9.10it/s]
 51%|█████     | 65/128 [00:06<00:05, 10.81it/s]
 53%|█████▎    | 68/128 [00:06<00:04, 13.32it/s]
 55%|█████▍    | 70/128 [00:07<00:06,  9.32it/s]
 57%|█████▋    | 73/128 [00:07<00:04, 11.61it/s]
 59%|█████▉    | 76/128 [00:07<00:03, 13.86it/s]
 61%|██████    | 78/128 [00:07<00:04, 10.07it/s]
 63%|██████▎   | 81/128 [00:08<00:04, 11.55it/s]
 66%|██████▌   | 84/128 [00:08<00:03, 13.90it/s]
 67%|██████▋   | 86/128 [00:08<00:04,  9.82it/s]
 70%|██████▉   | 89/128 [00:08<00:03, 11.06it/s]
 72%|███████▏  | 92/128 [00:08<00:02, 13.30it/s]
 73%|███████▎  | 94/128 [00:09<00:03,  9.41it/s]
 76%|███████▌  | 97/128 [00:09<00:02, 11.24it/s]
 78%|███████▊  | 100/128 [00:09<00:02, 13.56it/s]
 80%|███████▉  | 102/128 [00:10<00:02,  9.38it/s]
 82%|████████▏ | 105/128 [00:10<00:01, 11.66it/s]
 84%|████████▍ | 108/128 [00:10<00:01, 13.75it/s]
 86%|████████▌ | 110/128 [00:10<00:01,  9.57it/s]
 88%|████████▊ | 113/128 [00:10<00:01, 11.83it/s]
 91%|█████████ | 116/128 [00:10<00:00, 14.24it/s]
 92%|█████████▏| 118/128 [00:11<00:01,  9.08it/s]
 94%|█████████▍| 120/128 [00:11<00:00, 10.37it/s]
 96%|█████████▌| 123/128 [00:11<00:00, 13.17it/s]
 98%|█████████▊| 126/128 [00:11<00:00, 12.90it/s]
100%|██████████| 128/128 [00:12<00:00, 13.25it/s]
100%|██████████| 128/128 [00:12<00:00, 10.53it/s]


  0%|          | 0/125 [00:00<?, ?it/s]
  1%|          | 1/125 [00:01<03:37,  1.75s/it]
  2%|▏         | 2/125 [00:01<01:36,  1.27it/s]
  3%|▎         | 4/125 [00:01<00:40,  2.98it/s]
  6%|▌         | 7/125 [00:02<00:19,  6.00it/s]
  8%|▊         | 10/125 [00:02<00:12,  9.15it/s]
 10%|█         | 13/125 [00:02<00:09, 12.28it/s]
 13%|█▎        | 16/125 [00:02<00:07, 14.92it/s]
 15%|█▌        | 19/125 [00:02<00:06, 16.28it/s]
 18%|█▊        | 22/125 [00:02<00:07, 13.20it/s]
 19%|█▉        | 24/125 [00:03<00:07, 13.38it/s]
 22%|██▏       | 27/125 [00:03<00:06, 15.73it/s]
 23%|██▎       | 29/125 [00:03<00:09,  9.85it/s]
 25%|██▍       | 31/125 [00:03<00:09,  9.72it/s]
 27%|██▋       | 34/125 [00:03<00:07, 12.30it/s]
 29%|██▉       | 36/125 [00:04<00:07, 12.24it/s]
 30%|███       | 38/125 [00:04<00:08,  9.71it/s]
 32%|███▏      | 40/125 [00:04<00:07, 11.19it/s]
 34%|███▍      | 43/125 [00:04<00:05, 14.06it/s]
 36%|███▌      | 45/125 [00:05<00:08,  9.16it/s]
 38%|███▊      | 47/125 [00:05<00:07, 10.48it/s]
 40%|████      | 50/125 [00:05<00:05, 13.14it/s]
 42%|████▏     | 52/125 [00:05<00:06, 10.52it/s]
 43%|████▎     | 54/125 [00:05<00:07,  9.82it/s]
 46%|████▌     | 57/125 [00:06<00:05, 12.75it/s]
 47%|████▋     | 59/125 [00:06<00:04, 13.29it/s]
 49%|████▉     | 61/125 [00:06<00:07,  8.52it/s]
 51%|█████     | 64/125 [00:06<00:05, 11.29it/s]
 54%|█████▎    | 67/125 [00:06<00:04, 13.06it/s]
 55%|█████▌    | 69/125 [00:07<00:06,  8.86it/s]
 58%|█████▊    | 72/125 [00:07<00:04, 11.48it/s]
 60%|██████    | 75/125 [00:07<00:03, 13.08it/s]
 62%|██████▏   | 77/125 [00:08<00:05,  9.20it/s]
 64%|██████▍   | 80/125 [00:08<00:03, 11.76it/s]
 66%|██████▋   | 83/125 [00:08<00:03, 12.71it/s]
 68%|██████▊   | 85/125 [00:08<00:03, 10.10it/s]
 70%|███████   | 88/125 [00:08<00:02, 12.42it/s]
 73%|███████▎  | 91/125 [00:09<00:03, 10.80it/s]
 74%|███████▍  | 93/125 [00:09<00:02, 11.93it/s]
 76%|███████▌  | 95/125 [00:09<00:02, 11.39it/s]
 78%|███████▊  | 98/125 [00:09<00:01, 14.15it/s]
 80%|████████  | 100/125 [00:09<00:02, 10.47it/s]
 82%|████████▏ | 103/125 [00:10<00:01, 11.00it/s]
 85%|████████▍ | 106/125 [00:10<00:01, 13.70it/s]
 86%|████████▋ | 108/125 [00:10<00:01, 11.35it/s]
 88%|████████▊ | 110/125 [00:10<00:01, 10.83it/s]
 90%|████████▉ | 112/125 [00:10<00:01, 10.63it/s]
 92%|█████████▏| 115/125 [00:11<00:00, 11.70it/s]
 94%|█████████▍| 118/125 [00:11<00:00, 11.04it/s]
 96%|█████████▌| 120/125 [00:11<00:00, 11.11it/s]
 98%|█████████▊| 123/125 [00:11<00:00, 13.68it/s]
100%|██████████| 125/125 [00:11<00:00, 10.43it/s]