Using DATA root: /home/mazaveri/hpc-prog/Vipul/data
Dataset config:  configs/datasets/cifar100.yaml
Load Epochs: 8
Setting fixed seed: 1
***************
** Arguments **
***************
backbone: 
config_file: configs/trainers/coprompt.yaml
dataset_config_file: configs/datasets/cifar100.yaml
eval_only: False
head: 
load_epoch: None
model_dir: 
no_train: False
opts: ['DATASET.NUM_SHOTS', '16', 'DATASET.SUBSAMPLE_CLASSES', 'base']
output_dir: output/CoPrompt/train_base/cifar100/shots_16/CoPrompt/coprompt/seed1
pre_train_exp_name: 
resume: 
root: /home/mazaveri/hpc-prog/Vipul/data
seed: 1
source_domains: None
target_domains: None
trainer: CoPrompt
transforms: None
************
** Config **
************
DATALOADER:
  K_TRANSFORMS: 2
  NUM_WORKERS: 8
  RETURN_IMG0: False
  TEST:
    BATCH_SIZE: 100
    SAMPLER: SequentialSampler
  TRAIN_U:
    BATCH_SIZE: 32
    N_DOMAIN: 0
    N_INS: 16
    SAME_AS_X: True
    SAMPLER: RandomSampler
  TRAIN_X:
    BATCH_SIZE: 4
    N_DOMAIN: 0
    N_INS: 16
    SAMPLER: RandomSampler
DATASET:
  ALL_AS_UNLABELED: False
  CIFAR_C_LEVEL: 1
  CIFAR_C_TYPE: 
  NAME: PreparedCifar100
  NUM_LABELED: -1
  NUM_SHOTS: 16
  ROOT: /home/mazaveri/hpc-prog/Vipul/data
  SOURCE_DOMAINS: ()
  STL10_FOLD: -1
  SUBSAMPLE_CLASSES: base
  TARGET_DOMAINS: ()
  VAL_PERCENT: 0.1
INPUT:
  COLORJITTER_B: 0.4
  COLORJITTER_C: 0.4
  COLORJITTER_H: 0.1
  COLORJITTER_S: 0.4
  CROP_PADDING: 4
  CUTOUT_LEN: 16
  CUTOUT_N: 1
  GB_K: 21
  GB_P: 0.5
  GN_MEAN: 0.0
  GN_STD: 0.15
  INTERPOLATION: bicubic
  NO_TRANSFORM: False
  PIXEL_MEAN: [0.48145466, 0.4578275, 0.40821073]
  PIXEL_STD: [0.26862954, 0.26130258, 0.27577711]
  RANDAUGMENT_M: 10
  RANDAUGMENT_N: 2
  RGS_P: 0.2
  RRCROP_SCALE: (0.08, 1.0)
  SIZE: (224, 224)
  TRANSFORMS: ('randaugment', 'normalize')
MODEL:
  BACKBONE:
    NAME: ViT-B/16
    PRETRAINED: True
  HEAD:
    ACTIVATION: relu
    BN: True
    DROPOUT: 0.0
    HIDDEN_LAYERS: ()
    NAME: 
  INIT_WEIGHTS: 
OPTIM:
  ADAM_BETA1: 0.9
  ADAM_BETA2: 0.999
  BASE_LR_MULT: 0.1
  GAMMA: 0.1
  LR: 0.0035
  LR_SCHEDULER: cosine
  MAX_EPOCH: 8
  MOMENTUM: 0.9
  NAME: sgd
  NEW_LAYERS: ()
  RMSPROP_ALPHA: 0.99
  SGD_DAMPNING: 0
  SGD_NESTEROV: False
  STAGED_LR: False
  STEPSIZE: (-1,)
  WARMUP_CONS_LR: 1e-05
  WARMUP_EPOCH: 1
  WARMUP_MIN_LR: 1e-05
  WARMUP_RECOUNT: True
  WARMUP_TYPE: constant
  WEIGHT_DECAY: 0.0005
OUTPUT_DIR: output/CoPrompt/train_base/cifar100/shots_16/CoPrompt/coprompt/seed1
RESUME: 
SEED: 1
TEST:
  COMPUTE_CMAT: False
  EVALUATOR: Classification
  FINAL_MODEL: last_step
  NO_TEST: False
  PER_CLASS_RESULT: False
  SPLIT: test
TRAIN:
  CHECKPOINT_FREQ: 0
  COUNT_ITER: train_x
  PRINT_FREQ: 20
TRAINER:
  CDAC:
    CLASS_LR_MULTI: 10
    P_THRESH: 0.95
    RAMPUP_COEF: 30
    RAMPUP_ITRS: 1000
    STRONG_TRANSFORMS: ()
    TOPK_MATCH: 5
  CROSSGRAD:
    ALPHA_D: 0.5
    ALPHA_F: 0.5
    EPS_D: 1.0
    EPS_F: 1.0
  CoPrompt:
    CTX_INIT: a photo of a
    N_CTX: 4
    PREC: fp16
    PROMPT_DEPTH: 12
  DAEL:
    CONF_THRE: 0.95
    STRONG_TRANSFORMS: ()
    WEIGHT_U: 0.5
  DAELDG:
    CONF_THRE: 0.95
    STRONG_TRANSFORMS: ()
    WEIGHT_U: 0.5
  DDAIG:
    ALPHA: 0.5
    CLAMP: False
    CLAMP_MAX: 1.0
    CLAMP_MIN: -1.0
    G_ARCH: 
    LMDA: 0.3
    WARMUP: 0
  DISTILL: cosine
  DOMAINMIX:
    ALPHA: 1.0
    BETA: 1.0
    TYPE: crossdomain
  ENTMIN:
    LMDA: 0.001
  FIXMATCH:
    CONF_THRE: 0.95
    STRONG_TRANSFORMS: ()
    WEIGHT_U: 1.0
  M3SDA:
    LMDA: 0.5
    N_STEP_F: 4
  MCD:
    N_STEP_F: 4
  MEANTEACHER:
    EMA_ALPHA: 0.999
    RAMPUP: 5
    WEIGHT_U: 1.0
  MIXMATCH:
    MIXUP_BETA: 0.75
    RAMPUP: 20000
    TEMP: 2.0
    WEIGHT_U: 100.0
  MME:
    LMDA: 0.1
  NAME: CoPrompt
  SE:
    CONF_THRE: 0.95
    EMA_ALPHA: 0.999
    RAMPUP: 300
  W: 8.0
USE_CUDA: True
VERBOSE: True
VERSION: 1
Collecting env info ...
Loading trainer: CoPrompt
Loading dataset: PreparedCifar100
Loading preprocessed few-shot data from /home/mazaveri/hpc-prog/Vipul/data/cifar_100/split_fewshot/shot_16-seed_1.pkl
SUBSAMPLE BASE CLASSES!
Building transform_train
+ resize to 224x224
+ randaugment (n=2, m=10)
+ to torch tensor of range [0, 1]
+ normalization (mean=[0.48145466, 0.4578275, 0.40821073], std=[0.26862954, 0.26130258, 0.27577711])
Building transform_test
+ resize the smaller edge to 224
+ 224x224 center crop
+ to torch tensor of range [0, 1]
+ normalization (mean=[0.48145466, 0.4578275, 0.40821073], std=[0.26862954, 0.26130258, 0.27577711])
---------  ----------------
Dataset    PreparedCifar100
# classes  50
# train_x  800
# val      200
# test     5,000
---------  ----------------
Loading CLIP (backbone: ViT-B/16)
Loading original CLIP for distillation

Getting textual features as CLIP's classifier.
Building custom CLIP
CoPrompt design: Multi-modal Prompt Learning
Initial context: "a photo of a"
Number of CoPrompt context words (tokens): 4
Prompts: ['a photo of a apple.', 'a photo of a aquarium fish.', 'a photo of a baby.', 'a photo of a bear.', 'a photo of a beaver.', 'a photo of a bed.', 'a photo of a bee.', 'a photo of a beetle.', 'a photo of a bicycle.', 'a photo of a bottle.', 'a photo of a bowl.', 'a photo of a boy.', 'a photo of a bridge.', 'a photo of a bus.', 'a photo of a butterfly.', 'a photo of a camel.', 'a photo of a can.', 'a photo of a castle.', 'a photo of a caterpillar.', 'a photo of a cattle.', 'a photo of a chair.', 'a photo of a chimpanzee.', 'a photo of a clock.', 'a photo of a cloud.', 'a photo of a cockroach.', 'a photo of a couch.', 'a photo of a crab.', 'a photo of a crocodile.', 'a photo of a cup.', 'a photo of a dinosaur.', 'a photo of a dolphin.', 'a photo of a elephant.', 'a photo of a flatfish.', 'a photo of a forest.', 'a photo of a fox.', 'a photo of a girl.', 'a photo of a hamster.', 'a photo of a house.', 'a photo of a kangaroo.', 'a photo of a keyboard.', 'a photo of a lamp.', 'a photo of a lawn mower.', 'a photo of a leopard.', 'a photo of a lion.', 'a photo of a lizard.', 'a photo of a lobster.', 'a photo of a man.', 'a photo of a maple tree.', 'a photo of a motorcycle.', 'a photo of a mountain.']
Turning off gradients in both the image and the text encoder
Parameters to be updated: {'prompt_learner.compound_prompt_projections.5.bias', 'prompt_learner.compound_prompt_projections.10.weight', 'prompt_learner.compound_prompt_projections.1.weight', 'prompt_learner.compound_prompt_projections.8.weight', 'prompt_learner.compound_prompt_projections.2.weight', 'prompt_learner.compound_prompt_projections.1.bias', 'prompt_learner.compound_prompts_text.0', 'prompt_learner.compound_prompt_projections.4.weight', 'prompt_learner.proj.weight', 'prompt_learner.compound_prompt_projections.0.weight', 'prompt_learner.compound_prompt_projections.4.bias', 'prompt_learner.compound_prompt_projections.7.bias', 'prompt_learner.compound_prompt_projections.9.bias', 'adapter_text.fc.0.weight', 'prompt_learner.compound_prompts_text.6', 'prompt_learner.compound_prompt_projections.0.bias', 'prompt_learner.compound_prompts_text.7', 'prompt_learner.compound_prompt_projections.2.bias', 'prompt_learner.compound_prompts_text.9', 'prompt_learner.compound_prompt_projections.6.bias', 'prompt_learner.compound_prompts_text.10', 'prompt_learner.compound_prompt_projections.7.weight', 'prompt_learner.compound_prompt_projections.3.weight', 'prompt_learner.compound_prompt_projections.5.weight', 'prompt_learner.compound_prompt_projections.3.bias', 'adapter_text.fc.2.weight', 'prompt_learner.compound_prompt_projections.8.bias', 'prompt_learner.compound_prompts_text.8', 'prompt_learner.compound_prompt_projections.6.weight', 'prompt_learner.compound_prompts_text.1', 'adapter_image.fc.2.weight', 'prompt_learner.compound_prompts_text.3', 'prompt_learner.ctx', 'prompt_learner.compound_prompts_text.5', 'prompt_learner.compound_prompts_text.2', 'adapter_image.fc.0.weight', 'prompt_learner.proj.bias', 'prompt_learner.compound_prompt_projections.9.weight', 'prompt_learner.compound_prompts_text.4', 'prompt_learner.compound_prompt_projections.10.bias'}
Loading evaluator: Classification
No checkpoint found, train from scratch
Initialize tensorboard (log_dir=output/CoPrompt/train_base/cifar100/shots_16/CoPrompt/coprompt/seed1/tensorboard)
epoch [1/8] batch [20/200] time 0.057 (0.113) data 0.000 (0.012) loss 5.4062 (5.2359) lr 1.0000e-05 eta 0:02:58
epoch [1/8] batch [40/200] time 0.067 (0.087) data 0.000 (0.006) loss 2.9902 (4.8946) lr 1.0000e-05 eta 0:02:15
epoch [1/8] batch [60/200] time 0.060 (0.076) data 0.000 (0.004) loss 4.2578 (4.8811) lr 1.0000e-05 eta 0:01:57
epoch [1/8] batch [80/200] time 0.065 (0.072) data 0.000 (0.003) loss 5.1641 (4.7772) lr 1.0000e-05 eta 0:01:49
epoch [1/8] batch [100/200] time 0.054 (0.069) data 0.000 (0.003) loss 5.6250 (4.6853) lr 1.0000e-05 eta 0:01:43
epoch [1/8] batch [120/200] time 0.053 (0.067) data 0.000 (0.002) loss 5.9219 (4.5874) lr 1.0000e-05 eta 0:01:39
epoch [1/8] batch [140/200] time 0.064 (0.066) data 0.000 (0.002) loss 4.7422 (4.5668) lr 1.0000e-05 eta 0:01:36
epoch [1/8] batch [160/200] time 0.058 (0.065) data 0.000 (0.002) loss 3.1699 (4.4963) lr 1.0000e-05 eta 0:01:33
epoch [1/8] batch [180/200] time 0.054 (0.064) data 0.000 (0.001) loss 4.0781 (4.4519) lr 1.0000e-05 eta 0:01:30
epoch [1/8] batch [200/200] time 0.046 (0.063) data 0.000 (0.001) loss 5.4609 (4.4162) lr 3.5000e-03 eta 0:01:28
epoch [2/8] batch [20/200] time 0.052 (0.070) data 0.000 (0.012) loss 3.4648 (3.7829) lr 3.5000e-03 eta 0:01:36
epoch [2/8] batch [40/200] time 0.061 (0.064) data 0.000 (0.006) loss 2.0000 (3.8806) lr 3.5000e-03 eta 0:01:26
epoch [2/8] batch [60/200] time 0.059 (0.062) data 0.000 (0.004) loss 4.5195 (3.6923) lr 3.5000e-03 eta 0:01:23
epoch [2/8] batch [80/200] time 0.055 (0.061) data 0.000 (0.003) loss 3.1406 (3.6549) lr 3.5000e-03 eta 0:01:20
epoch [2/8] batch [100/200] time 0.061 (0.060) data 0.000 (0.002) loss 2.8594 (3.5750) lr 3.5000e-03 eta 0:01:18
epoch [2/8] batch [120/200] time 0.063 (0.060) data 0.000 (0.002) loss 3.6836 (3.5478) lr 3.5000e-03 eta 0:01:16
epoch [2/8] batch [140/200] time 0.060 (0.060) data 0.000 (0.002) loss 2.4043 (3.4821) lr 3.5000e-03 eta 0:01:15
epoch [2/8] batch [160/200] time 0.062 (0.060) data 0.000 (0.002) loss 3.2500 (3.4306) lr 3.5000e-03 eta 0:01:14
epoch [2/8] batch [180/200] time 0.061 (0.060) data 0.000 (0.001) loss 3.8125 (3.3823) lr 3.5000e-03 eta 0:01:12
epoch [2/8] batch [200/200] time 0.065 (0.059) data 0.000 (0.001) loss 2.5117 (3.3523) lr 3.3668e-03 eta 0:01:11
epoch [3/8] batch [20/200] time 0.046 (0.066) data 0.000 (0.012) loss 3.3281 (3.0161) lr 3.3668e-03 eta 0:01:17
epoch [3/8] batch [40/200] time 0.050 (0.060) data 0.000 (0.006) loss 3.3555 (3.0810) lr 3.3668e-03 eta 0:01:09
epoch [3/8] batch [60/200] time 0.057 (0.059) data 0.000 (0.004) loss 2.6172 (3.0357) lr 3.3668e-03 eta 0:01:06
epoch [3/8] batch [80/200] time 0.054 (0.059) data 0.000 (0.003) loss 2.3438 (3.0120) lr 3.3668e-03 eta 0:01:05
epoch [3/8] batch [100/200] time 0.062 (0.059) data 0.000 (0.003) loss 2.3750 (2.9992) lr 3.3668e-03 eta 0:01:04
epoch [3/8] batch [120/200] time 0.054 (0.058) data 0.000 (0.002) loss 1.8965 (2.9710) lr 3.3668e-03 eta 0:01:03
epoch [3/8] batch [140/200] time 0.059 (0.058) data 0.000 (0.002) loss 2.5254 (2.9908) lr 3.3668e-03 eta 0:01:01
epoch [3/8] batch [160/200] time 0.053 (0.058) data 0.000 (0.002) loss 2.6484 (3.0265) lr 3.3668e-03 eta 0:01:00
epoch [3/8] batch [180/200] time 0.054 (0.058) data 0.000 (0.001) loss 2.8711 (3.0190) lr 3.3668e-03 eta 0:00:59
epoch [3/8] batch [200/200] time 0.051 (0.058) data 0.000 (0.001) loss 2.7891 (3.0218) lr 2.9874e-03 eta 0:00:57
epoch [4/8] batch [20/200] time 0.053 (0.069) data 0.000 (0.012) loss 3.9414 (2.8514) lr 2.9874e-03 eta 0:01:07
epoch [4/8] batch [40/200] time 0.058 (0.064) data 0.000 (0.006) loss 2.4258 (2.8727) lr 2.9874e-03 eta 0:01:01
epoch [4/8] batch [60/200] time 0.056 (0.062) data 0.000 (0.004) loss 2.3086 (2.9424) lr 2.9874e-03 eta 0:00:58
epoch [4/8] batch [80/200] time 0.064 (0.061) data 0.000 (0.003) loss 3.9336 (2.8991) lr 2.9874e-03 eta 0:00:55
epoch [4/8] batch [100/200] time 0.054 (0.060) data 0.000 (0.002) loss 3.0195 (2.8776) lr 2.9874e-03 eta 0:00:54
epoch [4/8] batch [120/200] time 0.058 (0.059) data 0.000 (0.002) loss 3.8242 (2.8943) lr 2.9874e-03 eta 0:00:52
epoch [4/8] batch [140/200] time 0.058 (0.059) data 0.000 (0.002) loss 2.1992 (2.8950) lr 2.9874e-03 eta 0:00:51
epoch [4/8] batch [160/200] time 0.056 (0.059) data 0.000 (0.002) loss 2.6797 (2.9500) lr 2.9874e-03 eta 0:00:49
epoch [4/8] batch [180/200] time 0.054 (0.059) data 0.000 (0.001) loss 2.5254 (2.9296) lr 2.9874e-03 eta 0:00:48
epoch [4/8] batch [200/200] time 0.052 (0.059) data 0.000 (0.001) loss 2.4492 (2.9278) lr 2.4197e-03 eta 0:00:46
epoch [5/8] batch [20/200] time 0.051 (0.072) data 0.000 (0.013) loss 3.8242 (2.5121) lr 2.4197e-03 eta 0:00:55
epoch [5/8] batch [40/200] time 0.055 (0.064) data 0.000 (0.006) loss 2.8184 (2.6801) lr 2.4197e-03 eta 0:00:48
epoch [5/8] batch [60/200] time 0.057 (0.062) data 0.000 (0.004) loss 2.6621 (2.7046) lr 2.4197e-03 eta 0:00:45
epoch [5/8] batch [80/200] time 0.061 (0.061) data 0.000 (0.003) loss 3.6504 (2.7176) lr 2.4197e-03 eta 0:00:43
epoch [5/8] batch [100/200] time 0.051 (0.060) data 0.000 (0.003) loss 3.4297 (2.7351) lr 2.4197e-03 eta 0:00:42
epoch [5/8] batch [120/200] time 0.054 (0.059) data 0.000 (0.002) loss 1.8584 (2.6706) lr 2.4197e-03 eta 0:00:40
epoch [5/8] batch [140/200] time 0.064 (0.059) data 0.000 (0.002) loss 3.8047 (2.6952) lr 2.4197e-03 eta 0:00:39
epoch [5/8] batch [160/200] time 0.054 (0.059) data 0.000 (0.002) loss 2.9590 (2.6907) lr 2.4197e-03 eta 0:00:37
epoch [5/8] batch [180/200] time 0.057 (0.059) data 0.000 (0.002) loss 2.5898 (2.7107) lr 2.4197e-03 eta 0:00:36
epoch [5/8] batch [200/200] time 0.052 (0.058) data 0.000 (0.001) loss 3.4473 (2.7418) lr 1.7500e-03 eta 0:00:35
epoch [6/8] batch [20/200] time 0.063 (0.068) data 0.000 (0.012) loss 2.7715 (2.8094) lr 1.7500e-03 eta 0:00:39
epoch [6/8] batch [40/200] time 0.054 (0.063) data 0.000 (0.006) loss 1.1094 (2.6713) lr 1.7500e-03 eta 0:00:35
epoch [6/8] batch [60/200] time 0.055 (0.061) data 0.000 (0.004) loss 2.6582 (2.7431) lr 1.7500e-03 eta 0:00:32
epoch [6/8] batch [80/200] time 0.058 (0.060) data 0.000 (0.003) loss 2.6465 (2.7150) lr 1.7500e-03 eta 0:00:31
epoch [6/8] batch [100/200] time 0.062 (0.060) data 0.000 (0.003) loss 1.6562 (2.6942) lr 1.7500e-03 eta 0:00:30
epoch [6/8] batch [120/200] time 0.067 (0.060) data 0.000 (0.002) loss 3.7637 (2.6716) lr 1.7500e-03 eta 0:00:28
epoch [6/8] batch [140/200] time 0.055 (0.060) data 0.000 (0.002) loss 3.3906 (2.6843) lr 1.7500e-03 eta 0:00:27
epoch [6/8] batch [160/200] time 0.057 (0.059) data 0.000 (0.002) loss 2.4609 (2.6795) lr 1.7500e-03 eta 0:00:26
epoch [6/8] batch [180/200] time 0.056 (0.059) data 0.000 (0.001) loss 3.3477 (2.6719) lr 1.7500e-03 eta 0:00:24
epoch [6/8] batch [200/200] time 0.059 (0.059) data 0.000 (0.001) loss 2.2773 (2.6574) lr 1.0803e-03 eta 0:00:23
epoch [7/8] batch [20/200] time 0.054 (0.067) data 0.000 (0.012) loss 2.8359 (2.3514) lr 1.0803e-03 eta 0:00:25
epoch [7/8] batch [40/200] time 0.059 (0.062) data 0.000 (0.006) loss 2.8750 (2.5366) lr 1.0803e-03 eta 0:00:22
epoch [7/8] batch [60/200] time 0.059 (0.061) data 0.000 (0.004) loss 2.5352 (2.5525) lr 1.0803e-03 eta 0:00:20
epoch [7/8] batch [80/200] time 0.059 (0.060) data 0.000 (0.003) loss 1.4922 (2.4885) lr 1.0803e-03 eta 0:00:19
epoch [7/8] batch [100/200] time 0.052 (0.059) data 0.000 (0.002) loss 2.3828 (2.5117) lr 1.0803e-03 eta 0:00:17
epoch [7/8] batch [120/200] time 0.057 (0.059) data 0.000 (0.002) loss 1.9111 (2.5159) lr 1.0803e-03 eta 0:00:16
epoch [7/8] batch [140/200] time 0.056 (0.059) data 0.000 (0.002) loss 1.1943 (2.5391) lr 1.0803e-03 eta 0:00:15
epoch [7/8] batch [160/200] time 0.059 (0.059) data 0.000 (0.002) loss 4.3047 (2.5848) lr 1.0803e-03 eta 0:00:14
epoch [7/8] batch [180/200] time 0.065 (0.058) data 0.000 (0.001) loss 2.4434 (2.5673) lr 1.0803e-03 eta 0:00:12
epoch [7/8] batch [200/200] time 0.052 (0.058) data 0.000 (0.001) loss 1.7451 (2.5796) lr 5.1256e-04 eta 0:00:11
epoch [8/8] batch [20/200] time 0.058 (0.073) data 0.000 (0.012) loss 2.7734 (2.3866) lr 5.1256e-04 eta 0:00:13
epoch [8/8] batch [40/200] time 0.069 (0.066) data 0.000 (0.006) loss 2.4648 (2.4357) lr 5.1256e-04 eta 0:00:10
epoch [8/8] batch [60/200] time 0.059 (0.063) data 0.000 (0.004) loss 3.2852 (2.5162) lr 5.1256e-04 eta 0:00:08
epoch [8/8] batch [80/200] time 0.056 (0.062) data 0.000 (0.003) loss 3.4395 (2.5395) lr 5.1256e-04 eta 0:00:07
epoch [8/8] batch [100/200] time 0.055 (0.061) data 0.000 (0.002) loss 2.2793 (2.5565) lr 5.1256e-04 eta 0:00:06
epoch [8/8] batch [120/200] time 0.059 (0.061) data 0.000 (0.002) loss 3.4219 (2.5636) lr 5.1256e-04 eta 0:00:04
epoch [8/8] batch [140/200] time 0.058 (0.061) data 0.000 (0.002) loss 2.9043 (2.5353) lr 5.1256e-04 eta 0:00:03
epoch [8/8] batch [160/200] time 0.055 (0.060) data 0.000 (0.002) loss 4.6953 (2.5480) lr 5.1256e-04 eta 0:00:02
epoch [8/8] batch [180/200] time 0.054 (0.060) data 0.000 (0.001) loss 2.0059 (2.5622) lr 5.1256e-04 eta 0:00:01
epoch [8/8] batch [200/200] time 0.051 (0.060) data 0.000 (0.001) loss 1.8184 (2.5509) lr 1.3321e-04 eta 0:00:00
Checkpoint saved to output/CoPrompt/train_base/cifar100/shots_16/CoPrompt/coprompt/seed1/MultiModalPromptLearner/model.pth.tar-8
Finish training
Deploy the last-epoch model
Evaluate on the *test* set
=> result
* total: 5,000
* correct: 4,195
* accuracy: 83.9%
* error: 16.1%
* macro_f1: 83.7%
Elapsed: 0:01:44
Runing the first phase job and save the output to output/CoPrompt/test_new/cifar100/shots_16/CoPrompt/coprompt/seed1
Setting fixed seed: 1
***************
** Arguments **
***************
backbone: 
config_file: configs/trainers/coprompt.yaml
dataset_config_file: configs/datasets/cifar100.yaml
eval_only: True
head: 
load_epoch: 8
model_dir: output/CoPrompt/train_base/cifar100/shots_16/CoPrompt/coprompt/seed1
no_train: False
opts: ['DATASET.NUM_SHOTS', '16', 'DATASET.SUBSAMPLE_CLASSES', 'new']
output_dir: output/CoPrompt/test_new/cifar100/shots_16/CoPrompt/coprompt/seed1
pre_train_exp_name: 
resume: 
root: /home/mazaveri/hpc-prog/Vipul/data
seed: 1
source_domains: None
target_domains: None
trainer: CoPrompt
transforms: None
************
** Config **
************
DATALOADER:
  K_TRANSFORMS: 2
  NUM_WORKERS: 8
  RETURN_IMG0: False
  TEST:
    BATCH_SIZE: 100
    SAMPLER: SequentialSampler
  TRAIN_U:
    BATCH_SIZE: 32
    N_DOMAIN: 0
    N_INS: 16
    SAME_AS_X: True
    SAMPLER: RandomSampler
  TRAIN_X:
    BATCH_SIZE: 4
    N_DOMAIN: 0
    N_INS: 16
    SAMPLER: RandomSampler
DATASET:
  ALL_AS_UNLABELED: False
  CIFAR_C_LEVEL: 1
  CIFAR_C_TYPE: 
  NAME: PreparedCifar100
  NUM_LABELED: -1
  NUM_SHOTS: 16
  ROOT: /home/mazaveri/hpc-prog/Vipul/data
  SOURCE_DOMAINS: ()
  STL10_FOLD: -1
  SUBSAMPLE_CLASSES: new
  TARGET_DOMAINS: ()
  VAL_PERCENT: 0.1
INPUT:
  COLORJITTER_B: 0.4
  COLORJITTER_C: 0.4
  COLORJITTER_H: 0.1
  COLORJITTER_S: 0.4
  CROP_PADDING: 4
  CUTOUT_LEN: 16
  CUTOUT_N: 1
  GB_K: 21
  GB_P: 0.5
  GN_MEAN: 0.0
  GN_STD: 0.15
  INTERPOLATION: bicubic
  NO_TRANSFORM: False
  PIXEL_MEAN: [0.48145466, 0.4578275, 0.40821073]
  PIXEL_STD: [0.26862954, 0.26130258, 0.27577711]
  RANDAUGMENT_M: 10
  RANDAUGMENT_N: 2
  RGS_P: 0.2
  RRCROP_SCALE: (0.08, 1.0)
  SIZE: (224, 224)
  TRANSFORMS: ('randaugment', 'normalize')
MODEL:
  BACKBONE:
    NAME: ViT-B/16
    PRETRAINED: True
  HEAD:
    ACTIVATION: relu
    BN: True
    DROPOUT: 0.0
    HIDDEN_LAYERS: ()
    NAME: 
  INIT_WEIGHTS: 
OPTIM:
  ADAM_BETA1: 0.9
  ADAM_BETA2: 0.999
  BASE_LR_MULT: 0.1
  GAMMA: 0.1
  LR: 0.0035
  LR_SCHEDULER: cosine
  MAX_EPOCH: 8
  MOMENTUM: 0.9
  NAME: sgd
  NEW_LAYERS: ()
  RMSPROP_ALPHA: 0.99
  SGD_DAMPNING: 0
  SGD_NESTEROV: False
  STAGED_LR: False
  STEPSIZE: (-1,)
  WARMUP_CONS_LR: 1e-05
  WARMUP_EPOCH: 1
  WARMUP_MIN_LR: 1e-05
  WARMUP_RECOUNT: True
  WARMUP_TYPE: constant
  WEIGHT_DECAY: 0.0005
OUTPUT_DIR: output/CoPrompt/test_new/cifar100/shots_16/CoPrompt/coprompt/seed1
RESUME: 
SEED: 1
TEST:
  COMPUTE_CMAT: False
  EVALUATOR: Classification
  FINAL_MODEL: last_step
  NO_TEST: False
  PER_CLASS_RESULT: False
  SPLIT: test
TRAIN:
  CHECKPOINT_FREQ: 0
  COUNT_ITER: train_x
  PRINT_FREQ: 20
TRAINER:
  CDAC:
    CLASS_LR_MULTI: 10
    P_THRESH: 0.95
    RAMPUP_COEF: 30
    RAMPUP_ITRS: 1000
    STRONG_TRANSFORMS: ()
    TOPK_MATCH: 5
  CROSSGRAD:
    ALPHA_D: 0.5
    ALPHA_F: 0.5
    EPS_D: 1.0
    EPS_F: 1.0
  CoPrompt:
    CTX_INIT: a photo of a
    N_CTX: 4
    PREC: fp16
    PROMPT_DEPTH: 12
  DAEL:
    CONF_THRE: 0.95
    STRONG_TRANSFORMS: ()
    WEIGHT_U: 0.5
  DAELDG:
    CONF_THRE: 0.95
    STRONG_TRANSFORMS: ()
    WEIGHT_U: 0.5
  DDAIG:
    ALPHA: 0.5
    CLAMP: False
    CLAMP_MAX: 1.0
    CLAMP_MIN: -1.0
    G_ARCH: 
    LMDA: 0.3
    WARMUP: 0
  DISTILL: cosine
  DOMAINMIX:
    ALPHA: 1.0
    BETA: 1.0
    TYPE: crossdomain
  ENTMIN:
    LMDA: 0.001
  FIXMATCH:
    CONF_THRE: 0.95
    STRONG_TRANSFORMS: ()
    WEIGHT_U: 1.0
  M3SDA:
    LMDA: 0.5
    N_STEP_F: 4
  MCD:
    N_STEP_F: 4
  MEANTEACHER:
    EMA_ALPHA: 0.999
    RAMPUP: 5
    WEIGHT_U: 1.0
  MIXMATCH:
    MIXUP_BETA: 0.75
    RAMPUP: 20000
    TEMP: 2.0
    WEIGHT_U: 100.0
  MME:
    LMDA: 0.1
  NAME: CoPrompt
  SE:
    CONF_THRE: 0.95
    EMA_ALPHA: 0.999
    RAMPUP: 300
  W: 8.0
USE_CUDA: True
VERBOSE: True
VERSION: 1
Collecting env info ...
Loading trainer: CoPrompt
Loading dataset: PreparedCifar100
Loading preprocessed few-shot data from /home/mazaveri/hpc-prog/Vipul/data/cifar_100/split_fewshot/shot_16-seed_1.pkl
SUBSAMPLE NEW CLASSES!
Building transform_train
+ resize to 224x224
+ randaugment (n=2, m=10)
+ to torch tensor of range [0, 1]
+ normalization (mean=[0.48145466, 0.4578275, 0.40821073], std=[0.26862954, 0.26130258, 0.27577711])
Building transform_test
+ resize the smaller edge to 224
+ 224x224 center crop
+ to torch tensor of range [0, 1]
+ normalization (mean=[0.48145466, 0.4578275, 0.40821073], std=[0.26862954, 0.26130258, 0.27577711])
---------  ----------------
Dataset    PreparedCifar100
# classes  50
# train_x  800
# val      200
# test     5,000
---------  ----------------
Loading CLIP (backbone: ViT-B/16)
Loading original CLIP for distillation

Getting textual features as CLIP's classifier.
Building custom CLIP
CoPrompt design: Multi-modal Prompt Learning
Initial context: "a photo of a"
Number of CoPrompt context words (tokens): 4
Prompts: ['a photo of a mouse.', 'a photo of a mushroom.', 'a photo of a oak tree.', 'a photo of a orange.', 'a photo of a orchid.', 'a photo of a otter.', 'a photo of a palm tree.', 'a photo of a pear.', 'a photo of a pickup truck.', 'a photo of a pine tree.', 'a photo of a plain.', 'a photo of a plate.', 'a photo of a poppy.', 'a photo of a porcupine.', 'a photo of a possum.', 'a photo of a rabbit.', 'a photo of a raccoon.', 'a photo of a ray.', 'a photo of a road.', 'a photo of a rocket.', 'a photo of a rose.', 'a photo of a sea.', 'a photo of a seal.', 'a photo of a shark.', 'a photo of a shrew.', 'a photo of a skunk.', 'a photo of a skyscraper.', 'a photo of a snail.', 'a photo of a snake.', 'a photo of a spider.', 'a photo of a squirrel.', 'a photo of a streetcar.', 'a photo of a sunflower.', 'a photo of a sweet pepper.', 'a photo of a table.', 'a photo of a tank.', 'a photo of a telephone.', 'a photo of a television.', 'a photo of a tiger.', 'a photo of a tractor.', 'a photo of a train.', 'a photo of a trout.', 'a photo of a tulip.', 'a photo of a turtle.', 'a photo of a wardrobe.', 'a photo of a whale.', 'a photo of a willow tree.', 'a photo of a wolf.', 'a photo of a woman.', 'a photo of a worm.']
Turning off gradients in both the image and the text encoder
Parameters to be updated: {'prompt_learner.ctx', 'adapter_text.fc.0.weight', 'adapter_text.fc.2.weight', 'prompt_learner.compound_prompt_projections.10.weight', 'prompt_learner.compound_prompt_projections.10.bias', 'prompt_learner.compound_prompts_text.6', 'prompt_learner.compound_prompt_projections.6.bias', 'prompt_learner.compound_prompt_projections.5.bias', 'prompt_learner.compound_prompts_text.0', 'prompt_learner.compound_prompt_projections.2.bias', 'prompt_learner.compound_prompt_projections.0.bias', 'adapter_image.fc.2.weight', 'prompt_learner.compound_prompts_text.3', 'prompt_learner.proj.bias', 'adapter_image.fc.0.weight', 'prompt_learner.compound_prompts_text.4', 'prompt_learner.compound_prompts_text.5', 'prompt_learner.proj.weight', 'prompt_learner.compound_prompt_projections.1.weight', 'prompt_learner.compound_prompt_projections.9.bias', 'prompt_learner.compound_prompt_projections.3.weight', 'prompt_learner.compound_prompt_projections.9.weight', 'prompt_learner.compound_prompts_text.1', 'prompt_learner.compound_prompts_text.2', 'prompt_learner.compound_prompt_projections.7.weight', 'prompt_learner.compound_prompt_projections.6.weight', 'prompt_learner.compound_prompts_text.10', 'prompt_learner.compound_prompt_projections.7.bias', 'prompt_learner.compound_prompt_projections.1.bias', 'prompt_learner.compound_prompt_projections.0.weight', 'prompt_learner.compound_prompts_text.9', 'prompt_learner.compound_prompt_projections.3.bias', 'prompt_learner.compound_prompt_projections.4.bias', 'prompt_learner.compound_prompt_projections.5.weight', 'prompt_learner.compound_prompt_projections.4.weight', 'prompt_learner.compound_prompt_projections.2.weight', 'prompt_learner.compound_prompt_projections.8.bias', 'prompt_learner.compound_prompts_text.8', 'prompt_learner.compound_prompt_projections.8.weight', 'prompt_learner.compound_prompts_text.7'}
Loading evaluator: Classification
Loading weights to MultiModalPromptLearner from "output/CoPrompt/train_base/cifar100/shots_16/CoPrompt/coprompt/seed1/MultiModalPromptLearner/model.pth.tar-8" (epoch = 8)
Evaluate on the *test* set
=> result
* total: 5,000
* correct: 3,860
* accuracy: 77.2%
* error: 22.8%
* macro_f1: 77.1%
